<html>
<body>
<pre>
<h1>�Vision Build Log</h1>
<h2>Tool Versions:</h2>
IDE-Version: ��Vision V5.26.2.0
Copyright (C) 2018 ARM Ltd and ARM Germany GmbH. All rights reserved.
License Information: qw ui, dc, LIC=8VRJ7-EYEUH-UHI8H-WESZ2-KCDLL-HYJC7
 
Tool Versions:
Toolchain:       MDK-ARM Plus  Version: 5.26.2.0
Toolchain Path:  D:\KSWJJ\ARM\ARMCC\Bin
C Compiler:      Armcc.exe V5.06 update 6 (build 750)
Assembler:       Armasm.exe V5.06 update 6 (build 750)
Linker/Locator:  ArmLink.exe V5.06 update 6 (build 750)
Library Manager: ArmAr.exe V5.06 update 6 (build 750)
Hex Converter:   FromElf.exe V5.06 update 6 (build 750)
CPU DLL:         SARMCM3.DLL V5.26.2.0
Dialog DLL:      DCM.DLL V1.17.2.0
Target DLL:      STLink\ST-LINKIII-KEIL_SWO.dll V3.0.5.0
Dialog DLL:      TCM.DLL V1.36.1.0
 
<h2>Project:</h2>
C:\Users\��Ϊ\Desktop\WJ_project\Project.uvprojx
Project File Date:  04/09/2024

<h2>Output:</h2>
*** Using Compiler 'V5.06 update 6 (build 750)', folder: 'D:\KSWJJ\ARM\ARMCC\Bin'
Build target 'Target 1'
compiling TRANCE.c...
Hardware\TRANCE\TRANCE.c(35): warning:  #940-D: missing return statement at end of non-void function "Model_Fire_Start" 
  }
Hardware\TRANCE\TRANCE.c(38): warning:  #940-D: missing return statement at end of non-void function "Model_Fire_First" 
  }
Hardware\TRANCE\TRANCE.c(41): warning:  #1-D: last line of file ends without a newline
  }
Hardware\TRANCE\TRANCE.c(41): warning:  #940-D: missing return statement at end of non-void function "Model_Fire_Second" 
  }
Hardware\TRANCE\TRANCE.c(9): warning:  #177-D: function "Model_Fire_Third"  was declared but never referenced
  static ENUM_FireContorl_STATE Model_Fire_Third(void);  /*喷水*/
Hardware\TRANCE\TRANCE.c(10): warning:  #177-D: function "Model_Fire_Fourth"  was declared but never referenced
  static ENUM_FireContorl_STATE Model_Fire_Fourth(void);  /*第一电机继续运动，第二电机复�?*/
Hardware\TRANCE\TRANCE.c: 6 warnings, 0 errors
compiling main.c...
linking...
Program Size: Code=1136 RO-data=268 RW-data=8 ZI-data=1736  
".\Objects\Project.axf" - 0 Error(s), 6 Warning(s).

<h2>Software Packages used:</h2>

Package Vendor: Keil
                http://www.keil.com/pack/Keil.STM32F1xx_DFP.2.2.0.pack
                Keil.STM32F1xx_DFP.2.2.0
                STMicroelectronics STM32F1 Series Device Support, Drivers and Examples

<h2>Collection of Component include folders:</h2>
  .\RTE\_Target_1
  D:\KSWJJ\ARM\PACK\Keil\STM32F1xx_DFP\2.2.0\Device\Include

<h2>Collection of Component Files used:</h2>
Build Time Elapsed:  00:00:01
</pre>
</body>
</html>
